Rafi@PAVAN-DOTNET ~/desktop
$ cd sample1

Rafi@PAVAN-DOTNET ~/desktop/sample1 (master)
$ ls
README.md

Rafi@PAVAN-DOTNET ~/desktop/sample1 (master)
$ vim README.md

Rafi@PAVAN-DOTNET ~/desktop/sample1 (master)
$ git status
On branch master
Your branch is up-to-date with 'origin/master'.

Changes not staged for commit:
  (use "git add <file>..." to update what will be committed)
  (use "git checkout -- <file>..." to discard changes in working directory)

        modified:   README.md

no changes added to commit (use "git add" and/or "git commit -a")

Rafi@PAVAN-DOTNET ~/desktop/sample1 (master)
$ git add README.md

Rafi@PAVAN-DOTNET ~/desktop/sample1 (master)
$ git commit -m
error: switch `m' requires a value
usage: git commit [options] [--] <pathspec>...

    -q, --quiet           suppress summary after successful commit
    -v, --verbose         show diff in commit message template

Commit message options
    -F, --file <file>     read message from file
    --author <author>     override author for commit
    --date <date>         override date for commit
    -m, --message <message>
                          commit message
    -c, --reedit-message <commit>
                          reuse and edit message from specified commit
    -C, --reuse-message <commit>
                          reuse message from specified commit
    --fixup <commit>      use autosquash formatted message to fixup specified co
mmit
    --squash <commit>     use autosquash formatted message to squash specified c
ommit
    --reset-author        the commit is authored by me now (used with -C/-c/--am
end)
    -s, --signoff         add Signed-off-by:
    -t, --template <file>
                          use specified template file
    -e, --edit            force edit of commit
    --cleanup <default>   how to strip spaces and #comments from message
    --status              include status in commit message template
    -S, --gpg-sign[=<key id>]
                          GPG sign commit

Commit contents options
    -a, --all             commit all changed files
    -i, --include         add specified files to index for commit
    --interactive         interactively add files
    -p, --patch           interactively add changes
    -o, --only            commit only specified files
    -n, --no-verify       bypass pre-commit hook
    --dry-run             show what would be committed
    --short               show status concisely
    --branch              show branch information
    --porcelain           machine-readable output
    --long                show status in long format (default)
    -z, --null            terminate entries with NUL
    --amend               amend previous commit
    --no-post-rewrite     bypass post-rewrite hook
    -u, --untracked-files[=<mode>]
                          show untracked files, optional modes: all, normal, no.
 (Default: all)


Rafi@PAVAN-DOTNET ~/desktop/sample1 (master)
$ git commit -hello
usage: git commit [options] [--] <pathspec>...

    -q, --quiet           suppress summary after successful commit
    -v, --verbose         show diff in commit message template

Commit message options
    -F, --file <file>     read message from file
    --author <author>     override author for commit
    --date <date>         override date for commit
    -m, --message <message>
                          commit message
    -c, --reedit-message <commit>
                          reuse and edit message from specified commit
    -C, --reuse-message <commit>
                          reuse message from specified commit
    --fixup <commit>      use autosquash formatted message to fixup specified co
mmit
    --squash <commit>     use autosquash formatted message to squash specified c
ommit
    --reset-author        the commit is authored by me now (used with -C/-c/--am
end)
    -s, --signoff         add Signed-off-by:
    -t, --template <file>
                          use specified template file
    -e, --edit            force edit of commit
    --cleanup <default>   how to strip spaces and #comments from message
    --status              include status in commit message template
    -S, --gpg-sign[=<key id>]
                          GPG sign commit

Commit contents options
    -a, --all             commit all changed files
    -i, --include         add specified files to index for commit
    --interactive         interactively add files
    -p, --patch           interactively add changes
    -o, --only            commit only specified files
    -n, --no-verify       bypass pre-commit hook
    --dry-run             show what would be committed
    --short               show status concisely
    --branch              show branch information
    --porcelain           machine-readable output
    --long                show status in long format (default)
    -z, --null            terminate entries with NUL
    --amend               amend previous commit
    --no-post-rewrite     bypass post-rewrite hook
    -u, --untracked-files[=<mode>]
                          show untracked files, optional modes: all, normal, no.
 (Default: all)


Rafi@PAVAN-DOTNET ~/desktop/sample1 (master)
$ git commit -m "updated readme file for better description"
[master 37ad8c4] updated readme file for better description
 1 file changed, 3 insertions(+), 1 deletion(-)

Rafi@PAVAN-DOTNET ~/desktop/sample1 (master)
$ git log
commit 37ad8c4028f976c42eb257705f5162df69d6c9b0
Author: pavanrize <pavanrize@hotmail.com>
Date:   Tue Oct 28 13:08:42 2014 +0530

    updated readme file for better description

commit 250316919d6dd3a9556cfcb16b61b3f7f8645f5e
Author: pavanrize <pavanrize@hotmail.com>
Date:   Tue Oct 28 12:53:13 2014 +0530

    Initial commit

Rafi@PAVAN-DOTNET ~/desktop/sample1 (master)
$ git status
On branch master
Your branch is ahead of 'origin/master' by 1 commit.
  (use "git push" to publish your local commits)

nothing to commit, working directory clean

Rafi@PAVAN-DOTNET ~/desktop/sample1 (master)
$ git remote add origin https://github.com/pavanrize/sample1.git
fatal: remote origin already exists.

Rafi@PAVAN-DOTNET ~/desktop/sample1 (master)
$ git push -u origin master
Username for 'https://github.com': pavanrize
Password for 'https://pavanrize@github.com':
Counting objects: 5, done.
Writing objects: 100% (3/3), 299 bytes | 0 bytes/s, done.
Total 3 (delta 0), reused 0 (delta 0)
To https://github.com/pavanrize/sample1.git
   2503169..37ad8c4  master -> master
Branch master set up to track remote branch master from origin.

Rafi@PAVAN-DOTNET ~/desktop/sample1 (master)
$ touch testfile.txt

Rafi@PAVAN-DOTNET ~/desktop/sample1 (master)
$ ls
README.md  testfile.txt

Rafi@PAVAN-DOTNET ~/desktop/sample1 (master)
$ vim testfile.txt

Rafi@PAVAN-DOTNET ~/desktop/sample1 (master)
$ git status
On branch master
Your branch is up-to-date with 'origin/master'.

Untracked files:
  (use "git add <file>..." to include in what will be committed)

        testfile.txt

nothing added to commit but untracked files present (use "git add" to track)

Rafi@PAVAN-DOTNET ~/desktop/sample1 (master)
$ git add .

Rafi@PAVAN-DOTNET ~/desktop/sample1 (master)
$ git commit -m "test file text is added as a text"
[master a8e995e] test file text is added as a text
 1 file changed, 1 insertion(+)
 create mode 100644 testfile.txt

Rafi@PAVAN-DOTNET ~/desktop/sample1 (master)
$ git log
commit a8e995e33e3fadcd5ca431026d6e7117b4bd6c43
Author: pavanrize <pavanrize@hotmail.com>
Date:   Tue Oct 28 13:18:49 2014 +0530

    test file text is added as a text

commit 37ad8c4028f976c42eb257705f5162df69d6c9b0
Author: pavanrize <pavanrize@hotmail.com>
Date:   Tue Oct 28 13:08:42 2014 +0530

    updated readme file for better description

commit 250316919d6dd3a9556cfcb16b61b3f7f8645f5e
Author: pavanrize <pavanrize@hotmail.com>
Date:   Tue Oct 28 12:53:13 2014 +0530

    Initial commit

Rafi@PAVAN-DOTNET ~/desktop/sample1 (master)
$ git status
On branch master
Your branch is ahead of 'origin/master' by 1 commit.
  (use "git push" to publish your local commits)

nothing to commit, working directory clean

Rafi@PAVAN-DOTNET ~/desktop/sample1 (master)
$ git push
warning: push.default is unset; its implicit value is changing in
Git 2.0 from 'matching' to 'simple'. To squelch this message
and maintain the current behavior after the default changes, use:

  git config --global push.default matching

To squelch this message and adopt the new behavior now, use:

  git config --global push.default simple

When push.default is set to 'matching', git will push local branches
to the remote branches that already exist with the same name.

In Git 2.0, Git will default to the more conservative 'simple'
behavior, which only pushes the current branch to the corresponding
remote branch that 'git pull' uses to update the current branch.

See 'git help config' and search for 'push.default' for further information.
(the 'simple' mode was introduced in Git 1.7.11. Use the similar mode
'current' instead of 'simple' if you sometimes use older versions of Git)

Username for 'https://github.com': pavanrize
Password for 'https://pavanrize@github.com':
Counting objects: 4, done.
Delta compression using up to 2 threads.
Compressing objects: 100% (2/2), done.
Writing objects: 100% (3/3), 323 bytes | 0 bytes/s, done.
Total 3 (delta 0), reused 0 (delta 0)
To https://github.com/pavanrize/sample1.git
   37ad8c4..a8e995e  master -> master

Rafi@PAVAN-DOTNET ~/desktop/sample1 (master)
$ git pull origin master
From https://github.com/pavanrize/sample1
 * branch            master     -> FETCH_HEAD
Already up-to-date.

Rafi@PAVAN-DOTNET ~/desktop/sample1 (master)
$